Downloaded 'https://github.com/lz4/lz4/archive/v1.9.4.tar.gz' to 'lz4'
Downloaded 'https://github.com/aquynh/capstone/archive/4.0.2.tar.gz' to 'capstone'
Downloaded 'https://github.com/json-c/json-c/archive/json-c-0.17-20230812.tar.gz' to 'json-c'
Cloned 'https://github.com/ofiwg/libfabric.git' to 'libfabric' with commit '[HEAD]' and flags '--branch=v1.20.1'
Cloned 'https://github.com/mercury-hpc/mercury' to 'mercury' with commit '[v2.3.1]' and flags '--recurse-submodules'
Downloaded 'https://github.com/pmodels/argobots/archive/v1.1.tar.gz' to 'argobots'
Cloned 'https://github.com/mochi-hpc/mochi-margo' to 'margo' with commit '[v0.15.0]' and flags ''
Downloaded 'https://github.com/facebook/rocksdb/archive/v8.10.0.tar.gz' to 'rocksdb'
Cloned 'https://github.com/GekkoFS/syscall_intercept.git' to 'syscall_intercept' with commit '[2c8765fa292bc9c28a22624c528580d54658813d]' and flags ''
Applying patch '/builds/gitlab/hpc/gekkofs/scripts/patches/syscall_intercept.patch'...
Applying patch '/builds/gitlab/hpc/gekkofs/scripts/patches/syscall_intercept_clone3.patch'...
Downloaded 'https://github.com/zeromq/libzmq/archive/v4.3.5.tar.gz' to 'libzmq'
Downloaded 'https://github.com/zeromq/cppzmq/archive/v4.10.0.tar.gz' to 'cppzmq'
Done
