Cloned 'https://github.com/ofiwg/libfabric.git' to 'libfabric' with commit '[HEAD]' and flags '--branch=v1.13.2'
Cloned 'https://github.com/mercury-hpc/mercury' to 'mercury' with commit '[v2.1.0]' and flags '--recurse-submodules'
Downloaded 'https://github.com/pmodels/argobots/archive/v1.1.tar.gz' to 'argobots'
Cloned 'https://github.com/mochi-hpc/mochi-margo' to 'margo' with commit '[v0.9.6]' and flags ''
Downloaded 'https://github.com/facebook/rocksdb/archive/v6.26.1.tar.gz' to 'rocksdb'
Cloned 'https://github.com/pmem/syscall_intercept.git' to 'syscall_intercept' with commit '[2c8765fa292bc9c28a22624c528580d54658813d]' and flags ''
Done