######## Installing:  libfabric ###############################
######## Installing:  mercury ###############################
######## Installing:  argobots ###############################
######## Installing:  margo ###############################
######## Installing:  rocksdb ###############################
######## Installing:  syscall_intercept ###############################
