######## Installing:  lz4 ###############################
######## Installing:  capstone ###############################
######## Installing:  json-c ###############################
######## Installing:  libfabric%verbs ###############################
######## Installing:  mercury ###############################
######## Installing:  argobots ###############################
######## Installing:  margo ###############################
######## Installing:  rocksdb ###############################
######## Installing:  syscall_intercept ###############################
######## Installing:  date ###############################
